6
0 10 50 30 60 0
0 0 50 0 60 0
0 0 0 0 10 0
0 0 20 0 30 0
0 0 0 0 0 0
0 0 0 0 1 0